// Jest Snapshot v1, https://goo.gl/fbAQLP

exports[`Storyshots Line and Item simple basic usage 1`] = `
<div
  style={
    Object {
      "padding": 20,
    }
  }
>
  <div
    className="css-kq9t9r"
    onClick={[Function]}
  >
    <div
      className="css-4gnhqq"
    >
      <div
        className="css-nil"
      >
        <div
          className="css-1mx89q3"
        >
          <i
            className="fa fa-usd"
          />
          test
        </div>
        <div
          className="css-s7z2e8"
        >
          <i
            className="fa fa-usd"
          />
          sub test
        </div>
      </div>
      <div
        className="css-nil"
      >
        <div
          className="css-l4ygcr"
        >
          <i
            className="fa fa-usd"
          />
          focus test
        </div>
      </div>
    </div>
  </div>
</div>
`;
